// Jest Snapshot v1, https://goo.gl/fbAQLP

exports[`Header -- AvatarMenu should render correctly 1`] = `
<ClickAwayListener
  onClickAway={[Function]}
>
  <WithStyles(GridWrapper)
    item={true}
    style={
      Object {
        "zIndex": 2,
      }
    }
  >
    <Manager
      tag="div"
    >
      <Target>
        <Avatar
          big={false}
          initials="TU"
          onClick={[Function]}
          style={
            Object {
              "cursor": "pointer",
            }
          }
        />
      </Target>
    </Manager>
  </WithStyles(GridWrapper)>
</ClickAwayListener>
`;
