// Jest Snapshot v1, https://goo.gl/fbAQLP

exports[`CircularLoader component should render correctly 1`] = `
<WithStyles
  color="primary"
  type="indeterminate"
/>
`;
