// Jest Snapshot v1, https://goo.gl/fbAQLP

exports[`Header should render correctly 1`] = `
<WithStyles(Grid)
  alignItems="center"
  container={true}
  spacing={0}
  style={
    Object {
      "backgroundColor": "#3d316a",
      "padding": "10px 30px 10px 15px",
    }
  }
>
  <Row
    component={
      <WithStyles(Grid)
        item={true}
      />
    }
    displayFlex={false}
    flex={false}
    reverse={false}
    style={
      Object {
        "height": 35,
      }
    }
  >
    <Link
      replace={false}
      style={
        Object {
          "textDecoration": "none",
        }
      }
      to="/"
    >
      <Logo
        height={35}
        width="auto"
      />
    </Link>
  </Row>
  <WithStyles(Grid)
    item={true}
    xs={true}
  >
    <WithStyles(Grid)
      alignItems="center"
      container={true}
      spacing={8}
      style={
        Object {
          "justifyContent": "flex-end",
        }
      }
    >
      <WithStyles(Grid)
        item={true}
      >
        <Greeting
          firstName="Test"
          lastName="User"
          role="Coordinator"
        />
      </WithStyles(Grid)>
      <AvatarMenu
        initials="TU"
        onCloseMenu={[MockFunction]}
        onLogoutUser={[MockFunction]}
        onToggleMenu={[MockFunction]}
        open={false}
        role="Coordinator"
        userName="Test User"
      />
    </WithStyles(Grid)>
  </WithStyles(Grid)>
</WithStyles(Grid)>
`;
