// Jest Snapshot v1, https://goo.gl/fbAQLP

exports[`QuestionCard - QuestionContent should render correctly 1`] = `
<FlexGrid
  align="stretch"
  circular={false}
  container={true}
  flex={true}
  justify="stretch"
  padding="20px 20px 10px 20px"
  raised={false}
  style={
    Object {
      "flexWrap": "nowrap",
      "overflow": "auto",
    }
  }
  type="row"
>
  <FlexGrid
    align="stretch"
    circular={false}
    container={true}
    flex={false}
    justify="stretch"
    padding={0}
    raised={false}
    style={Object {}}
    type="column"
  >
    <Typography
      style={
        Object {
          "paddingRight": 10,
        }
      }
      variant="subheading2"
    >
      )
    </Typography>
  </FlexGrid>
  <FlexGrid
    align="stretch"
    circular={false}
    container={true}
    flex={true}
    justify="stretch"
    padding={0}
    raised={false}
    style={
      Object {
        "overflow": "auto",
      }
    }
    type="column"
  >
    <FlexGrid
      align="center"
      circular={false}
      container={true}
      flex={false}
      justify="stretch"
      padding="0 0 15px"
      raised={false}
      style={Object {}}
      type="row"
    >
      <Typography
        style={
          Object {
            "letterSpacing": 0,
            "lineHeight": "1.5em",
          }
        }
        variant="body2"
      >
        Â 
      </Typography>
    </FlexGrid>
    <FlexGrid
      align="stretch"
      circular={false}
      container={true}
      flex={true}
      justify="stretch"
      padding={0}
      raised={false}
      style={
        Object {
          "minHeight": "unset",
          "overflow": "auto",
          "width": "100%",
        }
      }
      type="column"
    >
      <FlexGrid
        align="stretch"
        circular={false}
        container={true}
        flex={false}
        justify="stretch"
        padding={0}
        raised={false}
        style={Object {}}
        type="row"
      >
        <WithStyles(SelectionControlQuestion)
          choices={
            Array [
              Object {
                "id": 1,
              },
            ]
          }
          mergedUserQuestions={
            Object {
              "answers": Array [],
            }
          }
          question={
            Object {
              "hint": null,
              "possibleAnswers": Array [
                Object {
                  "id": 1,
                },
              ],
              "questionType": 4,
            }
          }
        />
      </FlexGrid>
      <FlexGrid
        align="stretch"
        circular={false}
        container={false}
        flex={false}
        justify="stretch"
        padding="10px 0 0"
        raised={false}
        style={
          Object {
            "margin": 10,
            "minHeight": "unset",
          }
        }
        type="column"
      />
    </FlexGrid>
  </FlexGrid>
</FlexGrid>
`;
