// Jest Snapshot v1, https://goo.gl/fbAQLP

exports[`CodingScheme -- Footer component should render correctly 1`] = `
<Row
  component={<WithStyles />}
  displayFlex={true}
  elevation={4}
  flex={false}
  reverse={true}
  style={
    Object {
      "alignItems": "center",
      "height": 64,
      "padding": "0 24px",
    }
  }
>
  <Link
    replace={false}
    style={
      Object {
        "textDecoration": "none",
      }
    }
    to="/"
  >
    <WithTheme
      closeButton={true}
      value="Close"
    >
      Close
    </WithTheme>
  </Link>
</Row>
`;
