// Jest Snapshot v1, https://goo.gl/fbAQLP

exports[`CheckboxLabel component should render correctly 1`] = `
<withStyles(FormControlLabel)
  control={
    <withStyles(Checkbox)
      checked={false}
      classes={
        Object {
          "checked": Object {
            "color": "#38a48e",
          },
        }
      }
      disabled={false}
      onChange={undefined}
    />
  }
  label="Checkbox here"
/>
`;
