// Jest Snapshot v1, https://goo.gl/fbAQLP

exports[`Home scene should render correctly 1`] = `
<Container
  column={true}
  flex={true}
  spacing={0}
>
  <PageHeader
    role="Coordinator"
  />
  <withStyles(Divider) />
  <SearchBar
    handleSearchValueChange={[Function]}
    height={57}
    searchValue=""
  />
  <ProjectList
    direction="desc"
    handlePageChange={[Function]}
    handleRequestSort={[Function]}
    handleRowsChange={[Function]}
    handleSortBookmarked={[Function]}
    page={0}
    projectIds={Array []}
    rowsPerPage={10}
    sortBookmarked={false}
    sortBy="dateLastEdited"
    user={
      Object {
        "email": "kmuterspaw@cdc.gov",
        "firstName": "Kristin",
        "id": 2,
        "lastName": "Muterspaw",
        "password": "test",
        "role": "Coordinator",
      }
    }
  />
  <Route
    component={[Function]}
    path="/new/project"
  />
</Container>
`;
