// Jest Snapshot v1, https://goo.gl/fbAQLP

exports[`Card component should render correctly 1`] = `
<withStyles(Paper)
  style={
    Object {
      "flex": "1",
    }
  }
>
  <div>
    I am card children.
  </div>
</withStyles(Paper)>
`;
