// Jest Snapshot v1, https://goo.gl/fbAQLP

exports[`DocumentManagement - DocList should render correctly 1`] = `
<FlexGrid
  align="stretch"
  circular={false}
  container={true}
  flex={true}
  justify="stretch"
  padding={0}
  raised={false}
  style={
    Object {
      "overflow": "hidden",
    }
  }
  type="column"
>
  <FlexGrid
    align="stretch"
    circular={false}
    container={false}
    flex={false}
    justify="stretch"
    padding={0}
    raised={false}
    style={Object {}}
    type="column"
  >
    <WithStyles(Typography)
      align="center"
    >
      Number of Documents Selected: 
      1
    </WithStyles(Typography)>
  </FlexGrid>
</FlexGrid>
`;
