// Jest Snapshot v1, https://goo.gl/fbAQLP

exports[`QuestionCard - QuestionContent - AvatarList should render correctly 1`] = `
<FlexGrid
  align="center"
  circular={false}
  container={true}
  flex={false}
  justify="stretch"
  padding={0}
  raised={false}
  style={Object {}}
  type="row"
>
  <WithStyles(Tooltip)
    text="Show all annotations"
  >
    <Avatar
      alt=""
      avatar=""
      big={false}
      cardAvatar={false}
      initials="ALL"
      key="user-avatar-all-selected"
      style={
        Object {
          "backgroundColor": "#3d316a",
          "color": "white",
        }
      }
      theme={Object {}}
      userName="All"
    />
  </WithStyles(Tooltip)>
</FlexGrid>
`;
